
riscv.elf:     file format elf32-littleriscv
riscv.elf
architecture: riscv:rv32, flags 0x00000112:
EXEC_P, HAS_SYMS, D_PAGED
start address 0x00000000

Program Header:
0x70000003 off    0x0000209c vaddr 0x00000000 paddr 0x00000000 align 2**0
         filesz 0x00000037 memsz 0x00000000 flags r--
    LOAD off    0x00001000 vaddr 0x00000000 paddr 0x00000000 align 2**12
         filesz 0x00000e00 memsz 0x00000e00 flags r-x
    LOAD off    0x00002000 vaddr 0x10000000 paddr 0x00008000 align 2**12
         filesz 0x0000009c memsz 0x000008a0 flags rw-
   STACK off    0x00000000 vaddr 0x00000000 paddr 0x00000000 align 2**4
         filesz 0x00000000 memsz 0x00000000 flags rw-

Sections:
Idx Name              Size      VMA       LMA       File off  Algn  Flags
  0 .text             00000e00  00000000  00000000  00001000  2**8  CONTENTS, ALLOC, LOAD, READONLY, CODE
  1 .data             0000009c  10000000  00008000  00002000  2**2  CONTENTS, ALLOC, LOAD, READONLY, DATA
  2 .bss              00000000  1000009c  0000809c  00000000  2**0  ALLOC
  3 .stack            00000804  1000009c  0000809c  0000209c  2**0  ALLOC
  4 .riscv.attributes 00000037  00000000  00000000  0000209c  2**0  CONTENTS, READONLY
  5 .comment          00000033  00000000  00000000  000020d3  2**0  CONTENTS, READONLY
  6 .debug_line       000016b3  00000000  00000000  00002106  2**0  CONTENTS, READONLY, DEBUGGING, OCTETS
  7 .debug_line_str   00000322  00000000  00000000  000037b9  2**0  CONTENTS, READONLY, DEBUGGING, OCTETS
  8 .debug_info       00001172  00000000  00000000  00003adb  2**0  CONTENTS, READONLY, DEBUGGING, OCTETS
  9 .debug_abbrev     000006f9  00000000  00000000  00004c4d  2**0  CONTENTS, READONLY, DEBUGGING, OCTETS
 10 .debug_aranges    00000170  00000000  00000000  00005348  2**3  CONTENTS, READONLY, DEBUGGING, OCTETS
 11 .debug_str        00004e3e  00000000  00000000  000054b8  2**0  CONTENTS, READONLY, DEBUGGING, OCTETS
 12 .debug_rnglists   0000012c  00000000  00000000  0000a2f6  2**0  CONTENTS, READONLY, DEBUGGING, OCTETS
 13 .debug_macro      000004ee  00000000  00000000  0000a422  2**0  CONTENTS, READONLY, DEBUGGING, OCTETS
 14 .debug_frame      000004a8  00000000  00000000  0000a910  2**2  CONTENTS, READONLY, DEBUGGING, OCTETS
SYMBOL TABLE:
00000000 l    d  .text	00000000 .text
10000000 l    d  .data	00000000 .data
1000009c l    d  .bss	00000000 .bss
1000009c l    d  .stack	00000000 .stack
00000000 l    d  .riscv.attributes	00000000 .riscv.attributes
00000000 l    d  .comment	00000000 .comment
00000000 l    d  .debug_line	00000000 .debug_line
00000000 l    d  .debug_line_str	00000000 .debug_line_str
00000000 l    d  .debug_info	00000000 .debug_info
00000000 l    d  .debug_abbrev	00000000 .debug_abbrev
00000000 l    d  .debug_aranges	00000000 .debug_aranges
00000000 l    d  .debug_str	00000000 .debug_str
00000000 l    d  .debug_rnglists	00000000 .debug_rnglists
00000000 l    d  .debug_macro	00000000 .debug_macro
00000000 l    d  .debug_frame	00000000 .debug_frame
00000000 l    df *ABS*	00000000 start.o
00000038 l       .text	00000000 end_init_bss
0000002c l       .text	00000000 loop_init_bss
00000200 l       .text	00000000 Default_Handler
00000204 l       .text	00000000 Default_Exception_Handler
00000000 l    df *ABS*	00000000 gpio.c
00000000 l    df *ABS*	00000000 main.c
00000244 l     F .text	00000150 parse_int
00000394 l     F .text	000001e8 Example_Run
00000000 l    df *ABS*	00000000 tm1638.c
00000660 l     F .text	000000ec write_codes
00000000 l    df *ABS*	00000000 uart.c
00000a20 g     F .text	00000048 UART_PutChar
00000200  w      .text	00000000 PLIC_SRC17_IRQHandler
100007f0 g       .data	00000000 __global_pointer$
00000200  w      .text	00000000 PLIC_SRC11_IRQHandler
00000204  w      .text	00000000 Exception_Handler
00000ab0 g     F .text	00000040 UART_ReadChar
00000200  w      .text	00000000 PLIC_SRC5_IRQHandler
00000200  w      .text	00000000 PLIC_SRC10_IRQHandler
00000200  w      .text	00000000 MEI_IRQHandler
00000e00 g       .text	00000000 _etext
1000009c g       .bss	00000000 _sbss
00000200  w      .text	00000000 LI15_IRQHandler
00000200  w      .text	00000000 PLIC_SRC23_IRQHandler
00000938 g     F .text	000000e8 UART_Init
00000208 g     F .text	0000003c GPIO_Init
00000200  w      .text	00000000 LI4_IRQHandler
10000000 g       .data	00000000 _sdata
00000200  w      .text	00000000 LI8_IRQHandler
00000200  w      .text	00000000 PLIC_SRC14_IRQHandler
00000200  w      .text	00000000 PLIC_SRC16_IRQHandler
00000200  w      .text	00000000 PLIC_SRC31_IRQHandler
1000009c g       .bss	00000000 _ebss
00000200  w      .text	00000000 PLIC_SRC24_IRQHandler
00000200  w      .text	00000000 LI3_IRQHandler
00000200  w      .text	00000000 LI10_IRQHandler
00000200  w      .text	00000000 PLIC_SRC2_IRQHandler
00000200  w      .text	00000000 PLIC_SRC1_IRQHandler
00000200  w      .text	00000000 LI7_IRQHandler
00000200  w      .text	00000000 PLIC_SRC20_IRQHandler
00000200  w      .text	00000000 PLIC_SRC7_IRQHandler
00000200  w      .text	00000000 PLIC_SRC22_IRQHandler
00000d64 g     F .text	0000009c UART_Utf8ToCp1251
00000100 g       .text	00000000 __vector_table
00000200  w      .text	00000000 PLIC_SRC8_IRQHandler
00000800 g       *ABS*	00000000 _stack_size
00000200  w      .text	00000000 PLIC_SRC25_IRQHandler
00000200  w      .text	00000000 PLIC_SRC6_IRQHandler
00000200  w      .text	00000000 PLIC_SRC18_IRQHandler
00000200  w      .text	00000000 PLIC_SRC19_IRQHandler
0000057c g     F .text	00000098 main
00000af0 g     F .text	00000054 UART_PutString
00000c3c g     F .text	00000128 UART_ReadLine
00000200  w      .text	00000000 PLIC_SRC3_IRQHandler
00000614 g     F .text	0000004c TM1638_Init
00000200  w      .text	00000000 PLIC_SRC21_IRQHandler
00000200  w      .text	00000000 PLIC_SRC27_IRQHandler
00000200  w      .text	00000000 LI0_IRQHandler
00000858 g     F .text	000000e0 TM1638_WriteNumber
00000200  w      .text	00000000 LI6_IRQHandler
00000200  w      .text	00000000 LI2_IRQHandler
00000200  w      .text	00000000 PLIC_SRC9_IRQHandler
00000200  w      .text	00000000 MSI_IRQHandler
00000200  w      .text	00000000 PLIC_SRC30_IRQHandler
100008a0 g       .stack	00000000 _estack
00000a68 g     F .text	00000048 UART_GetChar
00000200  w      .text	00000000 PLIC_SRC4_IRQHandler
00000200  w      .text	00000000 MTI_IRQHandler
1000009c g       .data	00000000 _edata
00000200  w      .text	00000000 PLIC_SRC15_IRQHandler
00000b74 g     F .text	000000c8 UART_PutDec
00000200  w      .text	00000000 PLIC_SRC13_IRQHandler
00000000 g       .text	00000000 start
00000200  w      .text	00000000 PLIC_SRC26_IRQHandler
00000200  w      .text	00000000 LI14_IRQHandler
00000200  w      .text	00000000 LI13_IRQHandler
00000200  w      .text	00000000 PLIC_SRC12_IRQHandler
00000b44 g     F .text	00000030 UART_PutText
00000200  w      .text	00000000 LI12_IRQHandler
00000200  w      .text	00000000 LI5_IRQHandler
00000200  w      .text	00000000 LI9_IRQHandler
00000200  w      .text	00000000 PLIC_SRC29_IRQHandler
00000200  w      .text	00000000 PLIC_SRC28_IRQHandler
00000200  w      .text	00000000 LI11_IRQHandler
0000074c g     F .text	0000010c TM1638_WriteText
00000200  w      .text	00000000 LI1_IRQHandler



Disassembly of section .text:

00000000 <start>:
start():
C:\GitHub\askorv32\fw\TangPrimer20K/../Core/Startup/start.S:19
	.global main

start:
	.option push
	.option norelax
	la gp, __global_pointer$
   0:	10000197          	auipc	gp,0x10000
   4:	7f018193          	addi	gp,gp,2032 # 100007f0 <__global_pointer$>
C:\GitHub\askorv32\fw\TangPrimer20K/../Core/Startup/start.S:21
	.option pop
	la sp, _estack
   8:	10001117          	auipc	sp,0x10001
   c:	89810113          	addi	sp,sp,-1896 # 100008a0 <_estack>
C:\GitHub\askorv32\fw\TangPrimer20K/../Core/Startup/start.S:25

	/* Ловушки: векторный режим (mtvec.MODE = 1). Прерывание с кодом N -> __vector_table + 4*N,
	   исключения -> __vector_table. Прерывания разрешает программа (mie, mstatus.MIE) */
	la t0, __vector_table
  10:	00000297          	auipc	t0,0x0
  14:	0f028293          	addi	t0,t0,240 # 100 <__vector_table>
C:\GitHub\askorv32\fw\TangPrimer20K/../Core/Startup/start.S:26
	ori t0, t0, 1
  18:	0012e293          	ori	t0,t0,1
C:\GitHub\askorv32\fw\TangPrimer20K/../Core/Startup/start.S:27
	csrw mtvec, t0
  1c:	30529073          	csrw	mtvec,t0
C:\GitHub\askorv32\fw\TangPrimer20K/../Core/Startup/start.S:30

	/* Инициализация секции bss нулевыми значениями */
	la a0, _sbss
  20:	8ac18513          	addi	a0,gp,-1876 # 1000009c <_ebss>
C:\GitHub\askorv32\fw\TangPrimer20K/../Core/Startup/start.S:31
	la a1, _ebss
  24:	8ac18593          	addi	a1,gp,-1876 # 1000009c <_ebss>
C:\GitHub\askorv32\fw\TangPrimer20K/../Core/Startup/start.S:32
	bge a0, a1, end_init_bss
  28:	00b55863          	bge	a0,a1,38 <end_init_bss>

0000002c <loop_init_bss>:
loop_init_bss():
C:\GitHub\askorv32\fw\TangPrimer20K/../Core/Startup/start.S:34
loop_init_bss:
	sw zero, 0(a0)
  2c:	00052023          	sw	zero,0(a0)
C:\GitHub\askorv32\fw\TangPrimer20K/../Core/Startup/start.S:35
	addi a0, a0, 4
  30:	00450513          	addi	a0,a0,4
C:\GitHub\askorv32\fw\TangPrimer20K/../Core/Startup/start.S:36
	blt a0, a1, loop_init_bss
  34:	feb54ce3          	blt	a0,a1,2c <loop_init_bss>

00000038 <end_init_bss>:
end_init_bss():
C:\GitHub\askorv32\fw\TangPrimer20K/../Core/Startup/start.S:40
end_init_bss:

	/* Переход в функцию main */
	call main
  38:	544000ef          	jal	57c <main>
C:\GitHub\askorv32\fw\TangPrimer20K/../Core/Startup/start.S:41
1:	j 1b
  3c:	0000006f          	j	3c <end_init_bss+0x4>
	...

00000100 <__vector_table>:
__vector_table():
C:\GitHub\askorv32\fw\TangPrimer20K/../Core/Startup/start.S:60
	.option norelax
	.balign 256
	.option pop
	.globl __vector_table
__vector_table:
	j Exception_Handler		/*  0 Исключения */
 100:	1040006f          	j	204 <Exception_Handler>
C:\GitHub\askorv32\fw\TangPrimer20K/../Core/Startup/start.S:61
	j Default_Handler		/*  1 */
 104:	0fc0006f          	j	200 <LI0_IRQHandler>
C:\GitHub\askorv32\fw\TangPrimer20K/../Core/Startup/start.S:62
	j Default_Handler		/*  2 */
 108:	0f80006f          	j	200 <LI0_IRQHandler>
C:\GitHub\askorv32\fw\TangPrimer20K/../Core/Startup/start.S:63
	j MSI_IRQHandler		/*  3 Программное прерывание (CLINT) */
 10c:	0f40006f          	j	200 <LI0_IRQHandler>
C:\GitHub\askorv32\fw\TangPrimer20K/../Core/Startup/start.S:64
	j Default_Handler		/*  4 */
 110:	0f00006f          	j	200 <LI0_IRQHandler>
C:\GitHub\askorv32\fw\TangPrimer20K/../Core/Startup/start.S:65
	j Default_Handler		/*  5 */
 114:	0ec0006f          	j	200 <LI0_IRQHandler>
C:\GitHub\askorv32\fw\TangPrimer20K/../Core/Startup/start.S:66
	j Default_Handler		/*  6 */
 118:	0e80006f          	j	200 <LI0_IRQHandler>
C:\GitHub\askorv32\fw\TangPrimer20K/../Core/Startup/start.S:67
	j MTI_IRQHandler		/*  7 Машинный таймер (CLINT) */
 11c:	0e40006f          	j	200 <LI0_IRQHandler>
C:\GitHub\askorv32\fw\TangPrimer20K/../Core/Startup/start.S:68
	j Default_Handler		/*  8 */
 120:	0e00006f          	j	200 <LI0_IRQHandler>
C:\GitHub\askorv32\fw\TangPrimer20K/../Core/Startup/start.S:69
	j Default_Handler		/*  9 */
 124:	0dc0006f          	j	200 <LI0_IRQHandler>
C:\GitHub\askorv32\fw\TangPrimer20K/../Core/Startup/start.S:70
	j Default_Handler		/* 10 */
 128:	0d80006f          	j	200 <LI0_IRQHandler>
C:\GitHub\askorv32\fw\TangPrimer20K/../Core/Startup/start.S:71
	j MEI_IRQHandler		/* 11 Внешнее прерывание PLIC - только без векторного режима PLIC */
 12c:	0d40006f          	j	200 <LI0_IRQHandler>
C:\GitHub\askorv32\fw\TangPrimer20K/../Core/Startup/start.S:72
	j Default_Handler		/* 12 */
 130:	0d00006f          	j	200 <LI0_IRQHandler>
C:\GitHub\askorv32\fw\TangPrimer20K/../Core/Startup/start.S:73
	j Default_Handler		/* 13 */
 134:	0cc0006f          	j	200 <LI0_IRQHandler>
C:\GitHub\askorv32\fw\TangPrimer20K/../Core/Startup/start.S:74
	j Default_Handler		/* 14 */
 138:	0c80006f          	j	200 <LI0_IRQHandler>
C:\GitHub\askorv32\fw\TangPrimer20K/../Core/Startup/start.S:75
	j Default_Handler		/* 15 */
 13c:	0c40006f          	j	200 <LI0_IRQHandler>
C:\GitHub\askorv32\fw\TangPrimer20K/../Core/Startup/start.S:76
	j LI0_IRQHandler		/* 16..31 LI0..LI15 - локальные линии (какое устройство на какой - soc.h) */
 140:	0c00006f          	j	200 <LI0_IRQHandler>
C:\GitHub\askorv32\fw\TangPrimer20K/../Core/Startup/start.S:77
	j LI1_IRQHandler
 144:	0bc0006f          	j	200 <LI0_IRQHandler>
C:\GitHub\askorv32\fw\TangPrimer20K/../Core/Startup/start.S:78
	j LI2_IRQHandler
 148:	0b80006f          	j	200 <LI0_IRQHandler>
C:\GitHub\askorv32\fw\TangPrimer20K/../Core/Startup/start.S:79
	j LI3_IRQHandler
 14c:	0b40006f          	j	200 <LI0_IRQHandler>
C:\GitHub\askorv32\fw\TangPrimer20K/../Core/Startup/start.S:80
	j LI4_IRQHandler
 150:	0b00006f          	j	200 <LI0_IRQHandler>
C:\GitHub\askorv32\fw\TangPrimer20K/../Core/Startup/start.S:81
	j LI5_IRQHandler
 154:	0ac0006f          	j	200 <LI0_IRQHandler>
C:\GitHub\askorv32\fw\TangPrimer20K/../Core/Startup/start.S:82
	j LI6_IRQHandler
 158:	0a80006f          	j	200 <LI0_IRQHandler>
C:\GitHub\askorv32\fw\TangPrimer20K/../Core/Startup/start.S:83
	j LI7_IRQHandler
 15c:	0a40006f          	j	200 <LI0_IRQHandler>
C:\GitHub\askorv32\fw\TangPrimer20K/../Core/Startup/start.S:84
	j LI8_IRQHandler
 160:	0a00006f          	j	200 <LI0_IRQHandler>
C:\GitHub\askorv32\fw\TangPrimer20K/../Core/Startup/start.S:85
	j LI9_IRQHandler
 164:	09c0006f          	j	200 <LI0_IRQHandler>
C:\GitHub\askorv32\fw\TangPrimer20K/../Core/Startup/start.S:86
	j LI10_IRQHandler
 168:	0980006f          	j	200 <LI0_IRQHandler>
C:\GitHub\askorv32\fw\TangPrimer20K/../Core/Startup/start.S:87
	j LI11_IRQHandler
 16c:	0940006f          	j	200 <LI0_IRQHandler>
C:\GitHub\askorv32\fw\TangPrimer20K/../Core/Startup/start.S:88
	j LI12_IRQHandler
 170:	0900006f          	j	200 <LI0_IRQHandler>
C:\GitHub\askorv32\fw\TangPrimer20K/../Core/Startup/start.S:89
	j LI13_IRQHandler
 174:	08c0006f          	j	200 <LI0_IRQHandler>
C:\GitHub\askorv32\fw\TangPrimer20K/../Core/Startup/start.S:90
	j LI14_IRQHandler
 178:	0880006f          	j	200 <LI0_IRQHandler>
C:\GitHub\askorv32\fw\TangPrimer20K/../Core/Startup/start.S:91
	j LI15_IRQHandler		/* 31 */
 17c:	0840006f          	j	200 <LI0_IRQHandler>
C:\GitHub\askorv32\fw\TangPrimer20K/../Core/Startup/start.S:93
	/* 32..63 - источники PLIC в векторном режиме (PLIC_Init): MEI от источника S -> вход 32 + S */
	j Default_Handler		/* 32 Источник 0 не существует */
 180:	0800006f          	j	200 <LI0_IRQHandler>
C:\GitHub\askorv32\fw\TangPrimer20K/../Core/Startup/start.S:95
	.irp n, 1,2,3,4,5,6,7,8,9,10,11,12,13,14,15,16,17,18,19,20,21,22,23,24,25,26,27,28,29,30,31
	j PLIC_SRC\n\()_IRQHandler	/* 33..63 Источники 1..31 (какое устройство на каком - soc.h) */
 184:	07c0006f          	j	200 <LI0_IRQHandler>
 188:	0780006f          	j	200 <LI0_IRQHandler>
 18c:	0740006f          	j	200 <LI0_IRQHandler>
 190:	0700006f          	j	200 <LI0_IRQHandler>
 194:	06c0006f          	j	200 <LI0_IRQHandler>
 198:	0680006f          	j	200 <LI0_IRQHandler>
 19c:	0640006f          	j	200 <LI0_IRQHandler>
 1a0:	0600006f          	j	200 <LI0_IRQHandler>
 1a4:	05c0006f          	j	200 <LI0_IRQHandler>
 1a8:	0580006f          	j	200 <LI0_IRQHandler>
 1ac:	0540006f          	j	200 <LI0_IRQHandler>
 1b0:	0500006f          	j	200 <LI0_IRQHandler>
 1b4:	04c0006f          	j	200 <LI0_IRQHandler>
 1b8:	0480006f          	j	200 <LI0_IRQHandler>
 1bc:	0440006f          	j	200 <LI0_IRQHandler>
 1c0:	0400006f          	j	200 <LI0_IRQHandler>
 1c4:	03c0006f          	j	200 <LI0_IRQHandler>
 1c8:	0380006f          	j	200 <LI0_IRQHandler>
 1cc:	0340006f          	j	200 <LI0_IRQHandler>
 1d0:	0300006f          	j	200 <LI0_IRQHandler>
 1d4:	02c0006f          	j	200 <LI0_IRQHandler>
 1d8:	0280006f          	j	200 <LI0_IRQHandler>
 1dc:	0240006f          	j	200 <LI0_IRQHandler>
 1e0:	0200006f          	j	200 <LI0_IRQHandler>
 1e4:	01c0006f          	j	200 <LI0_IRQHandler>
 1e8:	0180006f          	j	200 <LI0_IRQHandler>
 1ec:	0140006f          	j	200 <LI0_IRQHandler>
 1f0:	0100006f          	j	200 <LI0_IRQHandler>
 1f4:	00c0006f          	j	200 <LI0_IRQHandler>
 1f8:	0080006f          	j	200 <LI0_IRQHandler>
 1fc:	0040006f          	j	200 <LI0_IRQHandler>

00000200 <LI0_IRQHandler>:
Default_Handler():
C:\GitHub\askorv32\fw\TangPrimer20K/../Core/Startup/start.S:107
 * причину можно посмотреть отладчиком в mcause, адрес инструкции - в mepc.
 */
	.section .text
	.balign 4
Default_Handler:
	j Default_Handler
 200:	0000006f          	j	200 <LI0_IRQHandler>

00000204 <Exception_Handler>:
Default_Exception_Handler():
C:\GitHub\askorv32\fw\TangPrimer20K/../Core/Startup/start.S:109
Default_Exception_Handler:
	j Default_Exception_Handler
 204:	0000006f          	j	204 <Exception_Handler>

00000208 <GPIO_Init>:
GPIO_Init():
C:\GitHub\askorv32\fw\TangPrimer20K/../Core/Src/gpio.c:14

#include "gpio.h"

#if GPIO_PRESENT

void GPIO_Init(void) {
 208:	ff010113          	addi	sp,sp,-16
 20c:	00112623          	sw	ra,12(sp)
 210:	00812423          	sw	s0,8(sp)
 214:	01010413          	addi	s0,sp,16
C:\GitHub\askorv32\fw\TangPrimer20K/../Core/Src/gpio.c:15
	GPIO->MODE = 0;
 218:	110007b7          	lui	a5,0x11000
 21c:	0007a023          	sw	zero,0(a5) # 11000000 <_estack+0xfff760>
C:\GitHub\askorv32\fw\TangPrimer20K/../Core/Src/gpio.c:16
	GPIO->OUT  = 0;
 220:	110007b7          	lui	a5,0x11000
 224:	0007a223          	sw	zero,4(a5) # 11000004 <_estack+0xfff764>
C:\GitHub\askorv32\fw\TangPrimer20K/../Core/Src/gpio.c:17
	GPIO->IN   = 0;
 228:	110007b7          	lui	a5,0x11000
 22c:	0007a423          	sw	zero,8(a5) # 11000008 <_estack+0xfff768>
C:\GitHub\askorv32\fw\TangPrimer20K/../Core/Src/gpio.c:18
}
 230:	00000013          	nop
 234:	00c12083          	lw	ra,12(sp)
 238:	00812403          	lw	s0,8(sp)
 23c:	01010113          	addi	sp,sp,16
 240:	00008067          	ret

00000244 <parse_int>:
parse_int():
C:\GitHub\askorv32\fw\TangPrimer20K/../Core/Src/main.c:56
	uint64_t end = CORE_GetCycles() + (uint64_t)ms * (MTIME_HZ / 1000U);
	while (CORE_GetCycles() < end) ;
}

/* Разбор десятичного числа со знаком: 1 - строка целиком число */
__attribute__((unused)) static int parse_int(const char *s, int32_t *v) {
 244:	fd010113          	addi	sp,sp,-48
 248:	02112623          	sw	ra,44(sp)
 24c:	02812423          	sw	s0,40(sp)
 250:	03010413          	addi	s0,sp,48
 254:	fca42e23          	sw	a0,-36(s0)
 258:	fcb42c23          	sw	a1,-40(s0)
C:\GitHub\askorv32\fw\TangPrimer20K/../Core/Src/main.c:57
	int32_t r = 0;
 25c:	fe042623          	sw	zero,-20(s0)
C:\GitHub\askorv32\fw\TangPrimer20K/../Core/Src/main.c:58
	int neg = 0, digits = 0;
 260:	fe042423          	sw	zero,-24(s0)
 264:	fe042223          	sw	zero,-28(s0)
C:\GitHub\askorv32\fw\TangPrimer20K/../Core/Src/main.c:59
	while (*s == ' ') s++;
 268:	0100006f          	j	278 <parse_int+0x34>
C:\GitHub\askorv32\fw\TangPrimer20K/../Core/Src/main.c:59 (discriminator 2)
 26c:	fdc42783          	lw	a5,-36(s0)
 270:	00178793          	addi	a5,a5,1
 274:	fcf42e23          	sw	a5,-36(s0)
C:\GitHub\askorv32\fw\TangPrimer20K/../Core/Src/main.c:59 (discriminator 1)
 278:	fdc42783          	lw	a5,-36(s0)
 27c:	0007c703          	lbu	a4,0(a5)
 280:	02000793          	li	a5,32
 284:	fef704e3          	beq	a4,a5,26c <parse_int+0x28>
C:\GitHub\askorv32\fw\TangPrimer20K/../Core/Src/main.c:60
	if (*s == '-' || *s == '+') neg = (*s++ == '-');
 288:	fdc42783          	lw	a5,-36(s0)
 28c:	0007c703          	lbu	a4,0(a5)
 290:	02d00793          	li	a5,45
 294:	00f70a63          	beq	a4,a5,2a8 <parse_int+0x64>
C:\GitHub\askorv32\fw\TangPrimer20K/../Core/Src/main.c:60 (discriminator 2)
 298:	fdc42783          	lw	a5,-36(s0)
 29c:	0007c703          	lbu	a4,0(a5)
 2a0:	02b00793          	li	a5,43
 2a4:	04f71e63          	bne	a4,a5,300 <parse_int+0xbc>
C:\GitHub\askorv32\fw\TangPrimer20K/../Core/Src/main.c:60 (discriminator 3)
 2a8:	fdc42783          	lw	a5,-36(s0)
 2ac:	00178713          	addi	a4,a5,1
 2b0:	fce42e23          	sw	a4,-36(s0)
 2b4:	0007c783          	lbu	a5,0(a5)
 2b8:	fd378793          	addi	a5,a5,-45
 2bc:	0017b793          	seqz	a5,a5
 2c0:	0ff7f793          	zext.b	a5,a5
 2c4:	fef42423          	sw	a5,-24(s0)
C:\GitHub\askorv32\fw\TangPrimer20K/../Core/Src/main.c:61
	while (*s >= '0' && *s <= '9') { r = r * 10 + (*s++ - '0'); digits++; }
 2c8:	0380006f          	j	300 <parse_int+0xbc>
C:\GitHub\askorv32\fw\TangPrimer20K/../Core/Src/main.c:61 (discriminator 3)
 2cc:	fec42703          	lw	a4,-20(s0)
 2d0:	00a00793          	li	a5,10
 2d4:	02f70733          	mul	a4,a4,a5
 2d8:	fdc42783          	lw	a5,-36(s0)
 2dc:	00178693          	addi	a3,a5,1
 2e0:	fcd42e23          	sw	a3,-36(s0)
 2e4:	0007c783          	lbu	a5,0(a5)
 2e8:	fd078793          	addi	a5,a5,-48
 2ec:	00f707b3          	add	a5,a4,a5
 2f0:	fef42623          	sw	a5,-20(s0)
 2f4:	fe442783          	lw	a5,-28(s0)
 2f8:	00178793          	addi	a5,a5,1
 2fc:	fef42223          	sw	a5,-28(s0)
C:\GitHub\askorv32\fw\TangPrimer20K/../Core/Src/main.c:61 (discriminator 1)
 300:	fdc42783          	lw	a5,-36(s0)
 304:	0007c703          	lbu	a4,0(a5)
 308:	02f00793          	li	a5,47
 30c:	02e7f263          	bgeu	a5,a4,330 <parse_int+0xec>
C:\GitHub\askorv32\fw\TangPrimer20K/../Core/Src/main.c:61 (discriminator 2)
 310:	fdc42783          	lw	a5,-36(s0)
 314:	0007c703          	lbu	a4,0(a5)
 318:	03900793          	li	a5,57
 31c:	fae7f8e3          	bgeu	a5,a4,2cc <parse_int+0x88>
C:\GitHub\askorv32\fw\TangPrimer20K/../Core/Src/main.c:62
	while (*s == ' ') s++;
 320:	0100006f          	j	330 <parse_int+0xec>
C:\GitHub\askorv32\fw\TangPrimer20K/../Core/Src/main.c:62 (discriminator 2)
 324:	fdc42783          	lw	a5,-36(s0)
 328:	00178793          	addi	a5,a5,1
 32c:	fcf42e23          	sw	a5,-36(s0)
C:\GitHub\askorv32\fw\TangPrimer20K/../Core/Src/main.c:62 (discriminator 1)
 330:	fdc42783          	lw	a5,-36(s0)
 334:	0007c703          	lbu	a4,0(a5)
 338:	02000793          	li	a5,32
 33c:	fef704e3          	beq	a4,a5,324 <parse_int+0xe0>
C:\GitHub\askorv32\fw\TangPrimer20K/../Core/Src/main.c:63
	*v = neg ? -r : r;
 340:	fe842783          	lw	a5,-24(s0)
 344:	00078863          	beqz	a5,354 <parse_int+0x110>
C:\GitHub\askorv32\fw\TangPrimer20K/../Core/Src/main.c:63 (discriminator 1)
 348:	fec42783          	lw	a5,-20(s0)
 34c:	40f007b3          	neg	a5,a5
 350:	0080006f          	j	358 <parse_int+0x114>
C:\GitHub\askorv32\fw\TangPrimer20K/../Core/Src/main.c:63 (discriminator 2)
 354:	fec42783          	lw	a5,-20(s0)
C:\GitHub\askorv32\fw\TangPrimer20K/../Core/Src/main.c:63 (discriminator 4)
 358:	fd842703          	lw	a4,-40(s0)
 35c:	00f72023          	sw	a5,0(a4)
C:\GitHub\askorv32\fw\TangPrimer20K/../Core/Src/main.c:64
	return digits > 0 && *s == '\0';
 360:	fe442783          	lw	a5,-28(s0)
 364:	00f05c63          	blez	a5,37c <parse_int+0x138>
C:\GitHub\askorv32\fw\TangPrimer20K/../Core/Src/main.c:64 (discriminator 1)
 368:	fdc42783          	lw	a5,-36(s0)
 36c:	0007c783          	lbu	a5,0(a5)
 370:	00079663          	bnez	a5,37c <parse_int+0x138>
C:\GitHub\askorv32\fw\TangPrimer20K/../Core/Src/main.c:64 (discriminator 3)
 374:	00100793          	li	a5,1
C:\GitHub\askorv32\fw\TangPrimer20K/../Core/Src/main.c:64
 378:	0080006f          	j	380 <parse_int+0x13c>
C:\GitHub\askorv32\fw\TangPrimer20K/../Core/Src/main.c:64 (discriminator 4)
 37c:	00000793          	li	a5,0
C:\GitHub\askorv32\fw\TangPrimer20K/../Core/Src/main.c:65
}
 380:	00078513          	mv	a0,a5
 384:	02c12083          	lw	ra,44(sp)
 388:	02812403          	lw	s0,40(sp)
 38c:	03010113          	addi	sp,sp,48
 390:	00008067          	ret

00000394 <Example_Run>:
Example_Run():
C:\GitHub\askorv32\fw\TangPrimer20K/../Core/Src/main.c:127
 *  - текст: отвечает длиной и показывает первые 8 символов на TM1638 (кириллица - тоже:
 *    UTF-8 от терминала переводится в cp1251 для знакогенератора индикатора).
 * Нажатая кнопка TM1638 передаётся на ПК строкой «Кнопка N». Есть ли байт в FIFO приёма, программа
 * узнаёт по IP.rxwm (порог rxcnt = 0: «в FIFO больше 0 байт») - чтение RXDATA выбрало бы байт.
 */
static void Example_Run(void) {
 394:	f5010113          	addi	sp,sp,-176
 398:	0a112623          	sw	ra,172(sp)
 39c:	0a812423          	sw	s0,168(sp)
 3a0:	0b010413          	addi	s0,sp,176
C:\GitHub\askorv32\fw\TangPrimer20K/../Core/Src/main.c:130
	char line[64], text[64];
	int32_t v;
	uint32_t keys_old = 0;
 3a4:	fe042623          	sw	zero,-20(s0)
C:\GitHub\askorv32\fw\TangPrimer20K/../Core/Src/main.c:132

	UART_InitDefault();
 3a8:	00100613          	li	a2,1
 3ac:	00000593          	li	a1,0
 3b0:	0001c7b7          	lui	a5,0x1c
 3b4:	20078513          	addi	a0,a5,512 # 1c200 <_etext+0x1b400>
 3b8:	580000ef          	jal	938 <UART_Init>
C:\GitHub\askorv32\fw\TangPrimer20K/../Core/Src/main.c:133
	TM1638_Init();
 3bc:	258000ef          	jal	614 <TM1638_Init>
C:\GitHub\askorv32\fw\TangPrimer20K/../Core/Src/main.c:134
	TM1638_WriteText("UART");
 3c0:	81018513          	addi	a0,gp,-2032 # 10000000 <_sdata>
 3c4:	388000ef          	jal	74c <TM1638_WriteText>
C:\GitHub\askorv32\fw\TangPrimer20K/../Core/Src/main.c:135
	UART_PutText("\r\naskoRV32: пример 3, UART опросом. Введите число или текст:\r\n> ");
 3c8:	81818513          	addi	a0,gp,-2024 # 10000008 <_sdata+0x8>
 3cc:	778000ef          	jal	b44 <UART_PutText>
TM1638_ReadKeys():
C:\GitHub\askorv32\fw\Core\Inc/tm1638.h:99
__INLINE void TM1638_WriteLeds(uint32_t data) {
	TM1638->LEDS = data;
}

__INLINE uint32_t TM1638_ReadKeys(void) {
	return TM1638->KEYS;
 3d0:	120007b7          	lui	a5,0x12000
 3d4:	0087a783          	lw	a5,8(a5) # 12000008 <_estack+0x1fff768>
Example_Run():
C:\GitHub\askorv32\fw\TangPrimer20K/../Core/Src/main.c:138
	while (1) {
		/* Кнопки TM1638 -> ПК */
		uint32_t keys = TM1638_ReadKeys();
 3d8:	fef42223          	sw	a5,-28(s0)
C:\GitHub\askorv32\fw\TangPrimer20K/../Core/Src/main.c:139
		for (int k = 0; k < 8; k++)
 3dc:	fe042423          	sw	zero,-24(s0)
 3e0:	0540006f          	j	434 <Example_Run+0xa0>
C:\GitHub\askorv32\fw\TangPrimer20K/../Core/Src/main.c:140
			if ((keys & ~keys_old) & (1U << k)) {
 3e4:	fec42783          	lw	a5,-20(s0)
 3e8:	fff7c713          	not	a4,a5
 3ec:	fe442783          	lw	a5,-28(s0)
 3f0:	00f77733          	and	a4,a4,a5
 3f4:	fe842783          	lw	a5,-24(s0)
 3f8:	00100693          	li	a3,1
 3fc:	00f697b3          	sll	a5,a3,a5
 400:	00f777b3          	and	a5,a4,a5
 404:	02078263          	beqz	a5,428 <Example_Run+0x94>
C:\GitHub\askorv32\fw\TangPrimer20K/../Core/Src/main.c:141
				UART_PutText("\r\nКнопка ");
 408:	85c18513          	addi	a0,gp,-1956 # 1000004c <_sdata+0x4c>
 40c:	738000ef          	jal	b44 <UART_PutText>
C:\GitHub\askorv32\fw\TangPrimer20K/../Core/Src/main.c:142
				UART_PutDec(k + 1);
 410:	fe842783          	lw	a5,-24(s0)
 414:	00178793          	addi	a5,a5,1
 418:	00078513          	mv	a0,a5
 41c:	758000ef          	jal	b74 <UART_PutDec>
C:\GitHub\askorv32\fw\TangPrimer20K/../Core/Src/main.c:143
				UART_PutText("\r\n> ");
 420:	86818513          	addi	a0,gp,-1944 # 10000058 <_sdata+0x58>
 424:	720000ef          	jal	b44 <UART_PutText>
C:\GitHub\askorv32\fw\TangPrimer20K/../Core/Src/main.c:139 (discriminator 2)
		for (int k = 0; k < 8; k++)
 428:	fe842783          	lw	a5,-24(s0)
 42c:	00178793          	addi	a5,a5,1
 430:	fef42423          	sw	a5,-24(s0)
C:\GitHub\askorv32\fw\TangPrimer20K/../Core/Src/main.c:139 (discriminator 1)
 434:	fe842703          	lw	a4,-24(s0)
 438:	00700793          	li	a5,7
 43c:	fae7d4e3          	bge	a5,a4,3e4 <Example_Run+0x50>
C:\GitHub\askorv32\fw\TangPrimer20K/../Core/Src/main.c:145
			}
		keys_old = keys;
 440:	fe442783          	lw	a5,-28(s0)
 444:	fef42623          	sw	a5,-20(s0)
 448:	fe442783          	lw	a5,-28(s0)
 44c:	fcf42c23          	sw	a5,-40(s0)
TM1638_WriteLeds():
C:\GitHub\askorv32\fw\Core\Inc/tm1638.h:95
	TM1638->LEDS = data;
 450:	120007b7          	lui	a5,0x12000
 454:	fd842703          	lw	a4,-40(s0)
 458:	00e7a223          	sw	a4,4(a5) # 12000004 <_estack+0x1fff764>
C:\GitHub\askorv32\fw\Core\Inc/tm1638.h:96
}
 45c:	00000013          	nop
Example_Run():
C:\GitHub\askorv32\fw\TangPrimer20K/../Core/Src/main.c:147
		TM1638_WriteLeds(keys);
		if (!(UART->IP & UART_IT_RXWM)) continue;			//Байтов нет - снова кнопки
 460:	140007b7          	lui	a5,0x14000
 464:	0147a783          	lw	a5,20(a5) # 14000014 <_estack+0x3fff774>
 468:	0027f793          	andi	a5,a5,2
 46c:	10078463          	beqz	a5,574 <Example_Run+0x1e0>
UART_GetErrors():
C:\GitHub\askorv32\fw\Core\Inc/uart.h:103
void UART_PutHex(uint32_t v, uint32_t digits);     //Шестнадцатеричное, digits цифр (1..8)
/* Строка до Enter (CR или LF): эхо, Backspace. В buf - без конца строки, с завершающим 0;
   возвращает длину. Не больше size - 1 байт, лишнее отбрасывается */
int  UART_ReadLine(char *buf, int size, int echo);
/* Ошибки приёма (UART_ERR_FRAME/PARITY/OVERRUN) и их сброс */
__INLINE uint32_t UART_GetErrors(void)            { return UART->ERR; }
 470:	140007b7          	lui	a5,0x14000
 474:	0207a783          	lw	a5,32(a5) # 14000020 <_estack+0x3fff780>
Example_Run():
C:\GitHub\askorv32\fw\TangPrimer20K/../Core/Src/main.c:150 (discriminator 1)

		/* Строка с ПК */
		if (UART_GetErrors()) UART_ClearErrors(UART_GetErrors());
 478:	02078063          	beqz	a5,498 <Example_Run+0x104>
UART_GetErrors():
C:\GitHub\askorv32\fw\Core\Inc/uart.h:103
 47c:	140007b7          	lui	a5,0x14000
 480:	0207a783          	lw	a5,32(a5) # 14000020 <_estack+0x3fff780>
 484:	fcf42a23          	sw	a5,-44(s0)
UART_ClearErrors():
C:\GitHub\askorv32\fw\Core\Inc/uart.h:104
__INLINE void     UART_ClearErrors(uint32_t mask) { UART->ERR = mask; }
 488:	140007b7          	lui	a5,0x14000
 48c:	fd442703          	lw	a4,-44(s0)
 490:	02e7a023          	sw	a4,32(a5) # 14000020 <_estack+0x3fff780>
 494:	00000013          	nop
Example_Run():
C:\GitHub\askorv32\fw\TangPrimer20K/../Core/Src/main.c:151
		int n = UART_ReadLine(line, sizeof line, 1);
 498:	f9440793          	addi	a5,s0,-108
 49c:	00100613          	li	a2,1
 4a0:	04000593          	li	a1,64
 4a4:	00078513          	mv	a0,a5
 4a8:	794000ef          	jal	c3c <UART_ReadLine>
 4ac:	fea42023          	sw	a0,-32(s0)
C:\GitHub\askorv32\fw\TangPrimer20K/../Core/Src/main.c:152
		if (n == 0) { UART_PutText("> "); continue; }
 4b0:	fe042783          	lw	a5,-32(s0)
 4b4:	00079863          	bnez	a5,4c4 <Example_Run+0x130>
C:\GitHub\askorv32\fw\TangPrimer20K/../Core/Src/main.c:152 (discriminator 1)
 4b8:	87018513          	addi	a0,gp,-1936 # 10000060 <_sdata+0x60>
 4bc:	688000ef          	jal	b44 <UART_PutText>
C:\GitHub\askorv32\fw\TangPrimer20K/../Core/Src/main.c:152
 4c0:	0b80006f          	j	578 <Example_Run+0x1e4>
C:\GitHub\askorv32\fw\TangPrimer20K/../Core/Src/main.c:153
		if (parse_int(line, &v)) {
 4c4:	f5040713          	addi	a4,s0,-176
 4c8:	f9440793          	addi	a5,s0,-108
 4cc:	00070593          	mv	a1,a4
 4d0:	00078513          	mv	a0,a5
 4d4:	d71ff0ef          	jal	244 <parse_int>
 4d8:	00050793          	mv	a5,a0
C:\GitHub\askorv32\fw\TangPrimer20K/../Core/Src/main.c:153 (discriminator 1)
 4dc:	04078063          	beqz	a5,51c <Example_Run+0x188>
C:\GitHub\askorv32\fw\TangPrimer20K/../Core/Src/main.c:154
			UART_PutText("Число ");
 4e0:	87418513          	addi	a0,gp,-1932 # 10000064 <_sdata+0x64>
 4e4:	660000ef          	jal	b44 <UART_PutText>
C:\GitHub\askorv32\fw\TangPrimer20K/../Core/Src/main.c:155
			UART_PutDec(v);
 4e8:	f5042783          	lw	a5,-176(s0)
 4ec:	00078513          	mv	a0,a5
 4f0:	684000ef          	jal	b74 <UART_PutDec>
C:\GitHub\askorv32\fw\TangPrimer20K/../Core/Src/main.c:156
			UART_PutText(", удвоенное: ");
 4f4:	87c18513          	addi	a0,gp,-1924 # 1000006c <_sdata+0x6c>
 4f8:	64c000ef          	jal	b44 <UART_PutText>
C:\GitHub\askorv32\fw\TangPrimer20K/../Core/Src/main.c:157
			UART_PutDec(2 * v);
 4fc:	f5042783          	lw	a5,-176(s0)
 500:	00179793          	slli	a5,a5,0x1
 504:	00078513          	mv	a0,a5
 508:	66c000ef          	jal	b74 <UART_PutDec>
C:\GitHub\askorv32\fw\TangPrimer20K/../Core/Src/main.c:158
			TM1638_WriteNumber(v);
 50c:	f5042783          	lw	a5,-176(s0)
 510:	00078513          	mv	a0,a5
 514:	344000ef          	jal	858 <TM1638_WriteNumber>
 518:	0500006f          	j	568 <Example_Run+0x1d4>
C:\GitHub\askorv32\fw\TangPrimer20K/../Core/Src/main.c:160
		} else {
			int len = UART_Utf8ToCp1251(line, text, sizeof text);
 51c:	f5440713          	addi	a4,s0,-172
 520:	f9440793          	addi	a5,s0,-108
 524:	04000613          	li	a2,64
 528:	00070593          	mv	a1,a4
 52c:	00078513          	mv	a0,a5
 530:	035000ef          	jal	d64 <UART_Utf8ToCp1251>
 534:	fca42e23          	sw	a0,-36(s0)
C:\GitHub\askorv32\fw\TangPrimer20K/../Core/Src/main.c:161
			UART_PutText("Текст «");
 538:	88c18513          	addi	a0,gp,-1908 # 1000007c <_sdata+0x7c>
 53c:	608000ef          	jal	b44 <UART_PutText>
C:\GitHub\askorv32\fw\TangPrimer20K/../Core/Src/main.c:162
			UART_PutString(line);								//Как пришёл (UTF-8)
 540:	f9440793          	addi	a5,s0,-108
 544:	00078513          	mv	a0,a5
 548:	5a8000ef          	jal	af0 <UART_PutString>
C:\GitHub\askorv32\fw\TangPrimer20K/../Core/Src/main.c:163
			UART_PutText("», символов: ");
 54c:	89418513          	addi	a0,gp,-1900 # 10000084 <_sdata+0x84>
 550:	5f4000ef          	jal	b44 <UART_PutText>
C:\GitHub\askorv32\fw\TangPrimer20K/../Core/Src/main.c:164
			UART_PutDec(len);
 554:	fdc42503          	lw	a0,-36(s0)
 558:	61c000ef          	jal	b74 <UART_PutDec>
C:\GitHub\askorv32\fw\TangPrimer20K/../Core/Src/main.c:165
			TM1638_WriteText(text);
 55c:	f5440793          	addi	a5,s0,-172
 560:	00078513          	mv	a0,a5
 564:	1e8000ef          	jal	74c <TM1638_WriteText>
C:\GitHub\askorv32\fw\TangPrimer20K/../Core/Src/main.c:167
		}
		UART_PutText("\r\n> ");
 568:	86818513          	addi	a0,gp,-1944 # 10000058 <_sdata+0x58>
 56c:	5d8000ef          	jal	b44 <UART_PutText>
 570:	e61ff06f          	j	3d0 <Example_Run+0x3c>
C:\GitHub\askorv32\fw\TangPrimer20K/../Core/Src/main.c:147
		if (!(UART->IP & UART_IT_RXWM)) continue;			//Байтов нет - снова кнопки
 574:	00000013          	nop
C:\GitHub\askorv32\fw\TangPrimer20K/../Core/Src/main.c:136
	while (1) {
 578:	e59ff06f          	j	3d0 <Example_Run+0x3c>

0000057c <main>:
main():
C:\GitHub\askorv32\fw\TangPrimer20K/../Core/Src/main.c:397
		delay_ms(500);
	}
}
#endif

int main(void) {
 57c:	fe010113          	addi	sp,sp,-32
 580:	00112e23          	sw	ra,28(sp)
 584:	00812c23          	sw	s0,24(sp)
 588:	02010413          	addi	s0,sp,32
C:\GitHub\askorv32\fw\TangPrimer20K/../Core/Src/main.c:436
		TM1638_WriteSegs(dig_transform(global_count));
#endif
		//Вся работа - в обработчике прерывания; здесь может выполняться основная программа
	}
#else
	GPIO_Init();
 58c:	c7dff0ef          	jal	208 <GPIO_Init>
 590:	fe042623          	sw	zero,-20(s0)
 594:	00100793          	li	a5,1
 598:	fef42423          	sw	a5,-24(s0)
GPIO_PinMode():
C:\GitHub\askorv32\fw\Core\Inc/gpio.h:44
typedef uint32_t GPIO_PinName;

void GPIO_Init(void);

__INLINE void GPIO_PinMode(GPIO_PinName GPIO_Pin, GPIO_PinDirection PinDir) {
	if (PinDir) GPIO->MODE |=  (1 << GPIO_Pin);
 59c:	fe842783          	lw	a5,-24(s0)
 5a0:	02078663          	beqz	a5,5cc <main+0x50>
C:\GitHub\askorv32\fw\Core\Inc/gpio.h:44 (discriminator 1)
 5a4:	110007b7          	lui	a5,0x11000
 5a8:	0007a703          	lw	a4,0(a5) # 11000000 <_estack+0xfff760>
 5ac:	fec42783          	lw	a5,-20(s0)
 5b0:	00100693          	li	a3,1
 5b4:	00f697b3          	sll	a5,a3,a5
 5b8:	00078693          	mv	a3,a5
 5bc:	110007b7          	lui	a5,0x11000
 5c0:	00d76733          	or	a4,a4,a3
 5c4:	00e7a023          	sw	a4,0(a5) # 11000000 <_estack+0xfff760>
C:\GitHub\askorv32\fw\Core\Inc/gpio.h:46
	else		GPIO->MODE &= ~(1 << GPIO_Pin);
}
 5c8:	02c0006f          	j	5f4 <main+0x78>
C:\GitHub\askorv32\fw\Core\Inc/gpio.h:45
	else		GPIO->MODE &= ~(1 << GPIO_Pin);
 5cc:	110007b7          	lui	a5,0x11000
 5d0:	0007a703          	lw	a4,0(a5) # 11000000 <_estack+0xfff760>
 5d4:	fec42783          	lw	a5,-20(s0)
 5d8:	00100693          	li	a3,1
 5dc:	00f697b3          	sll	a5,a3,a5
 5e0:	fff7c793          	not	a5,a5
 5e4:	00078693          	mv	a3,a5
 5e8:	110007b7          	lui	a5,0x11000
 5ec:	00d77733          	and	a4,a4,a3
 5f0:	00e7a023          	sw	a4,0(a5) # 11000000 <_estack+0xfff760>
C:\GitHub\askorv32\fw\Core\Inc/gpio.h:46
}
 5f4:	00000013          	nop
main():
C:\GitHub\askorv32\fw\TangPrimer20K/../Core/Src/main.c:438
	GPIO_PinMode(LED0_PIN, GPIO_MODE_OUTPUT);
	Example_Run();
 5f8:	d9dff0ef          	jal	394 <Example_Run>
 5fc:	00000793          	li	a5,0
C:\GitHub\askorv32\fw\TangPrimer20K/../Core/Src/main.c:440
#endif
}
 600:	00078513          	mv	a0,a5
 604:	01c12083          	lw	ra,28(sp)
 608:	01812403          	lw	s0,24(sp)
 60c:	02010113          	addi	sp,sp,32
 610:	00008067          	ret

00000614 <TM1638_Init>:
TM1638_Init():
C:\GitHub\askorv32\fw\TangPrimer20K/../Core/Src/tm1638.c:14

#include "tm1638.h"

#if TM1638_PRESENT

void TM1638_Init(void) {
 614:	ff010113          	addi	sp,sp,-16
 618:	00112623          	sw	ra,12(sp)
 61c:	00812423          	sw	s0,8(sp)
 620:	01010413          	addi	s0,sp,16
C:\GitHub\askorv32\fw\TangPrimer20K/../Core/Src/tm1638.c:15
	TM1638->SEGS  = 0;
 624:	120007b7          	lui	a5,0x12000
 628:	0007a023          	sw	zero,0(a5) # 12000000 <_estack+0x1fff760>
C:\GitHub\askorv32\fw\TangPrimer20K/../Core/Src/tm1638.c:16
	TM1638->LEDS  = 0;
 62c:	120007b7          	lui	a5,0x12000
 630:	0007a223          	sw	zero,4(a5) # 12000004 <_estack+0x1fff764>
C:\GitHub\askorv32\fw\TangPrimer20K/../Core/Src/tm1638.c:17
	TM1638->CTRL  = 0;			//Режим HEX, без точек
 634:	120007b7          	lui	a5,0x12000
 638:	0007a623          	sw	zero,12(a5) # 1200000c <_estack+0x1fff76c>
C:\GitHub\askorv32\fw\TangPrimer20K/../Core/Src/tm1638.c:18
	TM1638->TEXT0 = 0;
 63c:	120007b7          	lui	a5,0x12000
 640:	0007a823          	sw	zero,16(a5) # 12000010 <_estack+0x1fff770>
C:\GitHub\askorv32\fw\TangPrimer20K/../Core/Src/tm1638.c:19
	TM1638->TEXT1 = 0;
 644:	120007b7          	lui	a5,0x12000
 648:	0007aa23          	sw	zero,20(a5) # 12000014 <_estack+0x1fff774>
C:\GitHub\askorv32\fw\TangPrimer20K/../Core/Src/tm1638.c:20
}
 64c:	00000013          	nop
 650:	00c12083          	lw	ra,12(sp)
 654:	00812403          	lw	s0,8(sp)
 658:	01010113          	addi	sp,sp,16
 65c:	00008067          	ret

00000660 <write_codes>:
write_codes():
C:\GitHub\askorv32\fw\TangPrimer20K/../Core/Src/tm1638.c:23

/* 8 кодов символов в регистры TEXT0/TEXT1: байт 0 TEXT0 - левый символ */
static void write_codes(const uint8_t c[8], uint32_t mode, uint32_t dots) {
 660:	fe010113          	addi	sp,sp,-32
 664:	00112e23          	sw	ra,28(sp)
 668:	00812c23          	sw	s0,24(sp)
 66c:	02010413          	addi	s0,sp,32
 670:	fea42623          	sw	a0,-20(s0)
 674:	feb42423          	sw	a1,-24(s0)
 678:	fec42223          	sw	a2,-28(s0)
C:\GitHub\askorv32\fw\TangPrimer20K/../Core/Src/tm1638.c:24
	TM1638->TEXT0 = c[0] | ((uint32_t)c[1] << 8) | ((uint32_t)c[2] << 16) | ((uint32_t)c[3] << 24);
 67c:	fec42783          	lw	a5,-20(s0)
 680:	0007c783          	lbu	a5,0(a5)
 684:	00078713          	mv	a4,a5
 688:	fec42783          	lw	a5,-20(s0)
 68c:	00178793          	addi	a5,a5,1
 690:	0007c783          	lbu	a5,0(a5)
 694:	00879793          	slli	a5,a5,0x8
 698:	00f76733          	or	a4,a4,a5
 69c:	fec42783          	lw	a5,-20(s0)
 6a0:	00278793          	addi	a5,a5,2
 6a4:	0007c783          	lbu	a5,0(a5)
 6a8:	01079793          	slli	a5,a5,0x10
 6ac:	00f766b3          	or	a3,a4,a5
 6b0:	fec42783          	lw	a5,-20(s0)
 6b4:	00378793          	addi	a5,a5,3
 6b8:	0007c783          	lbu	a5,0(a5)
 6bc:	01879713          	slli	a4,a5,0x18
 6c0:	120007b7          	lui	a5,0x12000
 6c4:	00e6e733          	or	a4,a3,a4
 6c8:	00e7a823          	sw	a4,16(a5) # 12000010 <_estack+0x1fff770>
C:\GitHub\askorv32\fw\TangPrimer20K/../Core/Src/tm1638.c:25
	TM1638->TEXT1 = c[4] | ((uint32_t)c[5] << 8) | ((uint32_t)c[6] << 16) | ((uint32_t)c[7] << 24);
 6cc:	fec42783          	lw	a5,-20(s0)
 6d0:	00478793          	addi	a5,a5,4
 6d4:	0007c783          	lbu	a5,0(a5)
 6d8:	00078713          	mv	a4,a5
 6dc:	fec42783          	lw	a5,-20(s0)
 6e0:	00578793          	addi	a5,a5,5
 6e4:	0007c783          	lbu	a5,0(a5)
 6e8:	00879793          	slli	a5,a5,0x8
 6ec:	00f76733          	or	a4,a4,a5
 6f0:	fec42783          	lw	a5,-20(s0)
 6f4:	00678793          	addi	a5,a5,6
 6f8:	0007c783          	lbu	a5,0(a5)
 6fc:	01079793          	slli	a5,a5,0x10
 700:	00f766b3          	or	a3,a4,a5
 704:	fec42783          	lw	a5,-20(s0)
 708:	00778793          	addi	a5,a5,7
 70c:	0007c783          	lbu	a5,0(a5)
 710:	01879713          	slli	a4,a5,0x18
 714:	120007b7          	lui	a5,0x12000
 718:	00e6e733          	or	a4,a3,a4
 71c:	00e7aa23          	sw	a4,20(a5) # 12000014 <_estack+0x1fff774>
C:\GitHub\askorv32\fw\TangPrimer20K/../Core/Src/tm1638.c:26
	TM1638->CTRL  = mode | (dots << 8);
 720:	fe442783          	lw	a5,-28(s0)
 724:	00879693          	slli	a3,a5,0x8
 728:	120007b7          	lui	a5,0x12000
 72c:	fe842703          	lw	a4,-24(s0)
 730:	00e6e733          	or	a4,a3,a4
 734:	00e7a623          	sw	a4,12(a5) # 1200000c <_estack+0x1fff76c>
C:\GitHub\askorv32\fw\TangPrimer20K/../Core/Src/tm1638.c:27
}
 738:	00000013          	nop
 73c:	01c12083          	lw	ra,28(sp)
 740:	01812403          	lw	s0,24(sp)
 744:	02010113          	addi	sp,sp,32
 748:	00008067          	ret

0000074c <TM1638_WriteText>:
TM1638_WriteText():
C:\GitHub\askorv32\fw\TangPrimer20K/../Core/Src/tm1638.c:29

void TM1638_WriteText(const char *s) {
 74c:	fc010113          	addi	sp,sp,-64
 750:	02112e23          	sw	ra,60(sp)
 754:	02812c23          	sw	s0,56(sp)
 758:	04010413          	addi	s0,sp,64
 75c:	fca42623          	sw	a0,-52(s0)
C:\GitHub\askorv32\fw\TangPrimer20K/../Core/Src/tm1638.c:30
	uint8_t  c[8] = {' ', ' ', ' ', ' ', ' ', ' ', ' ', ' '};
 760:	202027b7          	lui	a5,0x20202
 764:	02078793          	addi	a5,a5,32 # 20202020 <_estack+0x10201780>
 768:	fcf42e23          	sw	a5,-36(s0)
 76c:	202027b7          	lui	a5,0x20202
 770:	02078793          	addi	a5,a5,32 # 20202020 <_estack+0x10201780>
 774:	fef42023          	sw	a5,-32(s0)
C:\GitHub\askorv32\fw\TangPrimer20K/../Core/Src/tm1638.c:31
	uint32_t dots = 0;
 778:	fe042623          	sw	zero,-20(s0)
C:\GitHub\askorv32\fw\TangPrimer20K/../Core/Src/tm1638.c:32
	int      n = 0;
 77c:	fe042423          	sw	zero,-24(s0)
C:\GitHub\askorv32\fw\TangPrimer20K/../Core/Src/tm1638.c:33
	while (*s) {
 780:	09c0006f          	j	81c <_stack_size+0x1c>
C:\GitHub\askorv32\fw\TangPrimer20K/../Core/Src/tm1638.c:34
		char ch = *s++;
 784:	fcc42783          	lw	a5,-52(s0)
 788:	00178713          	addi	a4,a5,1
 78c:	fce42623          	sw	a4,-52(s0)
 790:	0007c783          	lbu	a5,0(a5)
 794:	fef403a3          	sb	a5,-25(s0)
C:\GitHub\askorv32\fw\TangPrimer20K/../Core/Src/tm1638.c:35
		if ((ch == '.' || ch == ',') && n > 0 && !(dots & (1U << (n - 1)))) {
 798:	fe744703          	lbu	a4,-25(s0)
 79c:	02e00793          	li	a5,46
 7a0:	00f70863          	beq	a4,a5,7b0 <TM1638_WriteText+0x64>
C:\GitHub\askorv32\fw\TangPrimer20K/../Core/Src/tm1638.c:35 (discriminator 2)
 7a4:	fe744703          	lbu	a4,-25(s0)
 7a8:	02c00793          	li	a5,44
 7ac:	04f71463          	bne	a4,a5,7f4 <TM1638_WriteText+0xa8>
C:\GitHub\askorv32\fw\TangPrimer20K/../Core/Src/tm1638.c:35 (discriminator 3)
 7b0:	fe842783          	lw	a5,-24(s0)
 7b4:	04f05063          	blez	a5,7f4 <TM1638_WriteText+0xa8>
C:\GitHub\askorv32\fw\TangPrimer20K/../Core/Src/tm1638.c:35 (discriminator 4)
 7b8:	fe842783          	lw	a5,-24(s0)
 7bc:	fff78793          	addi	a5,a5,-1
 7c0:	00100713          	li	a4,1
 7c4:	00f71733          	sll	a4,a4,a5
 7c8:	fec42783          	lw	a5,-20(s0)
 7cc:	00f777b3          	and	a5,a4,a5
 7d0:	02079263          	bnez	a5,7f4 <TM1638_WriteText+0xa8>
C:\GitHub\askorv32\fw\TangPrimer20K/../Core/Src/tm1638.c:36
			dots |= 1U << (n - 1);		//Точка у предыдущего символа
 7d4:	fe842783          	lw	a5,-24(s0)
 7d8:	fff78793          	addi	a5,a5,-1
 7dc:	00100713          	li	a4,1
 7e0:	00f717b3          	sll	a5,a4,a5
 7e4:	fec42703          	lw	a4,-20(s0)
 7e8:	00f767b3          	or	a5,a4,a5
 7ec:	fef42623          	sw	a5,-20(s0)
C:\GitHub\askorv32\fw\TangPrimer20K/../Core/Src/tm1638.c:37
			continue;
 7f0:	02c0006f          	j	81c <_stack_size+0x1c>
C:\GitHub\askorv32\fw\TangPrimer20K/../Core/Src/tm1638.c:39
		}
		if (n == 8) break;
 7f4:	fe842703          	lw	a4,-24(s0)
 7f8:	00800793          	li	a5,8
 7fc:	02f70863          	beq	a4,a5,82c <_stack_size+0x2c>
C:\GitHub\askorv32\fw\TangPrimer20K/../Core/Src/tm1638.c:40
		c[n++] = (uint8_t)ch;
 800:	fe842783          	lw	a5,-24(s0)
 804:	00178713          	addi	a4,a5,1
 808:	fee42423          	sw	a4,-24(s0)
 80c:	ff078793          	addi	a5,a5,-16
 810:	008787b3          	add	a5,a5,s0
 814:	fe744703          	lbu	a4,-25(s0)
 818:	fee78623          	sb	a4,-20(a5)
C:\GitHub\askorv32\fw\TangPrimer20K/../Core/Src/tm1638.c:33
	while (*s) {
 81c:	fcc42783          	lw	a5,-52(s0)
 820:	0007c783          	lbu	a5,0(a5)
 824:	f60790e3          	bnez	a5,784 <TM1638_WriteText+0x38>
 828:	0080006f          	j	830 <_stack_size+0x30>
C:\GitHub\askorv32\fw\TangPrimer20K/../Core/Src/tm1638.c:39
		if (n == 8) break;
 82c:	00000013          	nop
C:\GitHub\askorv32\fw\TangPrimer20K/../Core/Src/tm1638.c:42
	}
	write_codes(c, TM1638_MODE_TEXT, dots);
 830:	fdc40793          	addi	a5,s0,-36
 834:	fec42603          	lw	a2,-20(s0)
 838:	00100593          	li	a1,1
 83c:	00078513          	mv	a0,a5
 840:	e21ff0ef          	jal	660 <write_codes>
C:\GitHub\askorv32\fw\TangPrimer20K/../Core/Src/tm1638.c:43
}
 844:	00000013          	nop
 848:	03c12083          	lw	ra,60(sp)
 84c:	03812403          	lw	s0,56(sp)
 850:	04010113          	addi	sp,sp,64
 854:	00008067          	ret

00000858 <TM1638_WriteNumber>:
TM1638_WriteNumber():
C:\GitHub\askorv32\fw\TangPrimer20K/../Core/Src/tm1638.c:45

void TM1638_WriteNumber(int32_t v) {
 858:	fd010113          	addi	sp,sp,-48
 85c:	02112623          	sw	ra,44(sp)
 860:	02812423          	sw	s0,40(sp)
 864:	03010413          	addi	s0,sp,48
 868:	fca42e23          	sw	a0,-36(s0)
C:\GitHub\askorv32\fw\TangPrimer20K/../Core/Src/tm1638.c:46
	uint8_t  c[8] = {' ', ' ', ' ', ' ', ' ', ' ', ' ', ' '};
 86c:	202027b7          	lui	a5,0x20202
 870:	02078793          	addi	a5,a5,32 # 20202020 <_estack+0x10201780>
 874:	fef42023          	sw	a5,-32(s0)
 878:	202027b7          	lui	a5,0x20202
 87c:	02078793          	addi	a5,a5,32 # 20202020 <_estack+0x10201780>
 880:	fef42223          	sw	a5,-28(s0)
C:\GitHub\askorv32\fw\TangPrimer20K/../Core/Src/tm1638.c:47
	uint32_t u = (v < 0) ? (uint32_t)(-v) : (uint32_t)v;
 884:	fdc42783          	lw	a5,-36(s0)
 888:	0007d463          	bgez	a5,890 <TM1638_WriteNumber+0x38>
 88c:	40f007b3          	neg	a5,a5
 890:	fef42623          	sw	a5,-20(s0)
C:\GitHub\askorv32\fw\TangPrimer20K/../Core/Src/tm1638.c:48
	int      i = 7;
 894:	00700793          	li	a5,7
 898:	fef42423          	sw	a5,-24(s0)
C:\GitHub\askorv32\fw\TangPrimer20K/../Core/Src/tm1638.c:49 (discriminator 2)
	do { c[i--] = (uint8_t)('0' + u % 10U); u /= 10U; } while (u && i >= 0);
 89c:	fec42703          	lw	a4,-20(s0)
 8a0:	00a00793          	li	a5,10
 8a4:	02f777b3          	remu	a5,a4,a5
 8a8:	0ff7f713          	zext.b	a4,a5
 8ac:	fe842783          	lw	a5,-24(s0)
 8b0:	fff78693          	addi	a3,a5,-1
 8b4:	fed42423          	sw	a3,-24(s0)
 8b8:	03070713          	addi	a4,a4,48
 8bc:	0ff77713          	zext.b	a4,a4
 8c0:	ff078793          	addi	a5,a5,-16
 8c4:	008787b3          	add	a5,a5,s0
 8c8:	fee78823          	sb	a4,-16(a5)
 8cc:	fec42703          	lw	a4,-20(s0)
 8d0:	00a00793          	li	a5,10
 8d4:	02f757b3          	divu	a5,a4,a5
 8d8:	fef42623          	sw	a5,-20(s0)
 8dc:	fec42783          	lw	a5,-20(s0)
 8e0:	00078663          	beqz	a5,8ec <TM1638_WriteNumber+0x94>
C:\GitHub\askorv32\fw\TangPrimer20K/../Core/Src/tm1638.c:49 (discriminator 1)
 8e4:	fe842783          	lw	a5,-24(s0)
 8e8:	fa07dae3          	bgez	a5,89c <TM1638_WriteNumber+0x44>
C:\GitHub\askorv32\fw\TangPrimer20K/../Core/Src/tm1638.c:50
	if (v < 0 && i >= 0) c[i] = '-';
 8ec:	fdc42783          	lw	a5,-36(s0)
 8f0:	0207d063          	bgez	a5,910 <TM1638_WriteNumber+0xb8>
C:\GitHub\askorv32\fw\TangPrimer20K/../Core/Src/tm1638.c:50 (discriminator 1)
 8f4:	fe842783          	lw	a5,-24(s0)
 8f8:	0007cc63          	bltz	a5,910 <TM1638_WriteNumber+0xb8>
C:\GitHub\askorv32\fw\TangPrimer20K/../Core/Src/tm1638.c:50 (discriminator 2)
 8fc:	fe842783          	lw	a5,-24(s0)
 900:	ff078793          	addi	a5,a5,-16
 904:	008787b3          	add	a5,a5,s0
 908:	02d00713          	li	a4,45
 90c:	fee78823          	sb	a4,-16(a5)
C:\GitHub\askorv32\fw\TangPrimer20K/../Core/Src/tm1638.c:51
	write_codes(c, TM1638_MODE_TEXT, 0);
 910:	fe040793          	addi	a5,s0,-32
 914:	00000613          	li	a2,0
 918:	00100593          	li	a1,1
 91c:	00078513          	mv	a0,a5
 920:	d41ff0ef          	jal	660 <write_codes>
C:\GitHub\askorv32\fw\TangPrimer20K/../Core/Src/tm1638.c:52
}
 924:	00000013          	nop
 928:	02c12083          	lw	ra,44(sp)
 92c:	02812403          	lw	s0,40(sp)
 930:	03010113          	addi	sp,sp,48
 934:	00008067          	ret

00000938 <UART_Init>:
UART_Init():
C:\GitHub\askorv32\fw\TangPrimer20K/../Core/Src/uart.c:16

#if UART_PRESENT

UART_Ring uart_rx_ring, uart_tx_ring;

void UART_Init(uint32_t baud, UART_Parity parity, uint32_t stop) {
 938:	fe010113          	addi	sp,sp,-32
 93c:	00112e23          	sw	ra,28(sp)
 940:	00812c23          	sw	s0,24(sp)
 944:	02010413          	addi	s0,sp,32
 948:	fea42623          	sw	a0,-20(s0)
 94c:	feb42423          	sw	a1,-24(s0)
 950:	fec42223          	sw	a2,-28(s0)
C:\GitHub\askorv32\fw\TangPrimer20K/../Core/Src/uart.c:17
	UART->IE = 0;
 954:	140007b7          	lui	a5,0x14000
 958:	0007a823          	sw	zero,16(a5) # 14000010 <_estack+0x3fff770>
C:\GitHub\askorv32\fw\TangPrimer20K/../Core/Src/uart.c:18
	UART->TXCTRL = 0;
 95c:	140007b7          	lui	a5,0x14000
 960:	0007a423          	sw	zero,8(a5) # 14000008 <_estack+0x3fff768>
C:\GitHub\askorv32\fw\TangPrimer20K/../Core/Src/uart.c:19
	UART->RXCTRL = 0;
 964:	140007b7          	lui	a5,0x14000
 968:	0007a623          	sw	zero,12(a5) # 1400000c <_estack+0x3fff76c>
C:\GitHub\askorv32\fw\TangPrimer20K/../Core/Src/uart.c:20
	UART->DIV = (SYSCLK_HZ + baud / 2U) / baud - 1U;			//Скорость = SYSCLK_HZ / (DIV + 1)
 96c:	fec42783          	lw	a5,-20(s0)
 970:	0017d713          	srli	a4,a5,0x1
 974:	02aea7b7          	lui	a5,0x2aea
 978:	54078793          	addi	a5,a5,1344 # 2aea540 <_etext+0x2ae9740>
 97c:	00f70733          	add	a4,a4,a5
 980:	fec42783          	lw	a5,-20(s0)
 984:	02f75733          	divu	a4,a4,a5
 988:	140007b7          	lui	a5,0x14000
 98c:	fff70713          	addi	a4,a4,-1
 990:	00e7ac23          	sw	a4,24(a5) # 14000018 <_estack+0x3fff778>
C:\GitHub\askorv32\fw\TangPrimer20K/../Core/Src/uart.c:21
	UART->CFG = (parity == UART_PARITY_NONE) ? 0U :
 994:	fe842783          	lw	a5,-24(s0)
 998:	02078063          	beqz	a5,9b8 <UART_Init+0x80>
C:\GitHub\askorv32\fw\TangPrimer20K/../Core/Src/uart.c:21 (discriminator 1)
 99c:	fe842703          	lw	a4,-24(s0)
 9a0:	00100793          	li	a5,1
 9a4:	00f71663          	bne	a4,a5,9b0 <UART_Init+0x78>
C:\GitHub\askorv32\fw\TangPrimer20K/../Core/Src/uart.c:21 (discriminator 3)
 9a8:	00100793          	li	a5,1
 9ac:	0100006f          	j	9bc <UART_Init+0x84>
C:\GitHub\askorv32\fw\TangPrimer20K/../Core/Src/uart.c:21 (discriminator 4)
 9b0:	00300793          	li	a5,3
 9b4:	0080006f          	j	9bc <UART_Init+0x84>
C:\GitHub\askorv32\fw\TangPrimer20K/../Core/Src/uart.c:21 (discriminator 2)
 9b8:	00000793          	li	a5,0
C:\GitHub\askorv32\fw\TangPrimer20K/../Core/Src/uart.c:21 (discriminator 5)
 9bc:	14000737          	lui	a4,0x14000
 9c0:	00f72e23          	sw	a5,28(a4) # 1400001c <_estack+0x3fff77c>
C:\GitHub\askorv32\fw\TangPrimer20K/../Core/Src/uart.c:23
	            (parity == UART_PARITY_EVEN) ? UART_CFG_PE : (UART_CFG_PE | UART_CFG_PO);
	while (!(UART->RXDATA & UART_RXDATA_EMPTY)) ;			//Очистить FIFO приёма
 9c4:	00000013          	nop
C:\GitHub\askorv32\fw\TangPrimer20K/../Core/Src/uart.c:23 (discriminator 1)
 9c8:	140007b7          	lui	a5,0x14000
 9cc:	0047a783          	lw	a5,4(a5) # 14000004 <_estack+0x3fff764>
 9d0:	fe07dce3          	bgez	a5,9c8 <UART_Init+0x90>
C:\GitHub\askorv32\fw\TangPrimer20K/../Core/Src/uart.c:24
	UART->ERR = UART_ERR_FRAME | UART_ERR_PARITY | UART_ERR_OVERRUN;
 9d4:	140007b7          	lui	a5,0x14000
 9d8:	00700713          	li	a4,7
 9dc:	02e7a023          	sw	a4,32(a5) # 14000020 <_estack+0x3fff780>
C:\GitHub\askorv32\fw\TangPrimer20K/../Core/Src/uart.c:25
	UART->TXCTRL = UART_CTRL_EN | (stop == 2U ? UART_TXCTRL_NSTOP : 0U);
 9e0:	fe442703          	lw	a4,-28(s0)
 9e4:	00200793          	li	a5,2
 9e8:	00f71663          	bne	a4,a5,9f4 <UART_Init+0xbc>
C:\GitHub\askorv32\fw\TangPrimer20K/../Core/Src/uart.c:25 (discriminator 1)
 9ec:	00300793          	li	a5,3
 9f0:	0080006f          	j	9f8 <UART_Init+0xc0>
C:\GitHub\askorv32\fw\TangPrimer20K/../Core/Src/uart.c:25 (discriminator 2)
 9f4:	00100793          	li	a5,1
C:\GitHub\askorv32\fw\TangPrimer20K/../Core/Src/uart.c:25 (discriminator 4)
 9f8:	14000737          	lui	a4,0x14000
 9fc:	00f72423          	sw	a5,8(a4) # 14000008 <_estack+0x3fff768>
C:\GitHub\askorv32\fw\TangPrimer20K/../Core/Src/uart.c:26
	UART->RXCTRL = UART_CTRL_EN;
 a00:	140007b7          	lui	a5,0x14000
 a04:	00100713          	li	a4,1
 a08:	00e7a623          	sw	a4,12(a5) # 1400000c <_estack+0x3fff76c>
C:\GitHub\askorv32\fw\TangPrimer20K/../Core/Src/uart.c:27
}
 a0c:	00000013          	nop
 a10:	01c12083          	lw	ra,28(sp)
 a14:	01812403          	lw	s0,24(sp)
 a18:	02010113          	addi	sp,sp,32
 a1c:	00008067          	ret

00000a20 <UART_PutChar>:
UART_PutChar():
C:\GitHub\askorv32\fw\TangPrimer20K/../Core/Src/uart.c:30

/* --- Опрос --- */
void UART_PutChar(char c) {
 a20:	fe010113          	addi	sp,sp,-32
 a24:	00112e23          	sw	ra,28(sp)
 a28:	00812c23          	sw	s0,24(sp)
 a2c:	02010413          	addi	s0,sp,32
 a30:	00050793          	mv	a5,a0
 a34:	fef407a3          	sb	a5,-17(s0)
C:\GitHub\askorv32\fw\TangPrimer20K/../Core/Src/uart.c:31
	while (UART->TXDATA & UART_TXDATA_FULL) ;
 a38:	00000013          	nop
C:\GitHub\askorv32\fw\TangPrimer20K/../Core/Src/uart.c:31 (discriminator 1)
 a3c:	140007b7          	lui	a5,0x14000
 a40:	0007a783          	lw	a5,0(a5) # 14000000 <_estack+0x3fff760>
 a44:	fe07cce3          	bltz	a5,a3c <UART_PutChar+0x1c>
C:\GitHub\askorv32\fw\TangPrimer20K/../Core/Src/uart.c:32
	UART->TXDATA = (uint8_t)c;
 a48:	140007b7          	lui	a5,0x14000
 a4c:	fef44703          	lbu	a4,-17(s0)
 a50:	00e7a023          	sw	a4,0(a5) # 14000000 <_estack+0x3fff760>
C:\GitHub\askorv32\fw\TangPrimer20K/../Core/Src/uart.c:33
}
 a54:	00000013          	nop
 a58:	01c12083          	lw	ra,28(sp)
 a5c:	01812403          	lw	s0,24(sp)
 a60:	02010113          	addi	sp,sp,32
 a64:	00008067          	ret

00000a68 <UART_GetChar>:
UART_GetChar():
C:\GitHub\askorv32\fw\TangPrimer20K/../Core/Src/uart.c:35

int UART_GetChar(void) {
 a68:	fe010113          	addi	sp,sp,-32
 a6c:	00112e23          	sw	ra,28(sp)
 a70:	00812c23          	sw	s0,24(sp)
 a74:	02010413          	addi	s0,sp,32
C:\GitHub\askorv32\fw\TangPrimer20K/../Core/Src/uart.c:36
	uint32_t d = UART->RXDATA;								//Чтение выбирает байт из FIFO
 a78:	140007b7          	lui	a5,0x14000
 a7c:	0047a783          	lw	a5,4(a5) # 14000004 <_estack+0x3fff764>
 a80:	fef42623          	sw	a5,-20(s0)
C:\GitHub\askorv32\fw\TangPrimer20K/../Core/Src/uart.c:37
	return (d & UART_RXDATA_EMPTY) ? -1 : (int)(d & 0xFFU);
 a84:	fec42783          	lw	a5,-20(s0)
 a88:	0007c863          	bltz	a5,a98 <UART_GetChar+0x30>
C:\GitHub\askorv32\fw\TangPrimer20K/../Core/Src/uart.c:37 (discriminator 1)
 a8c:	fec42783          	lw	a5,-20(s0)
 a90:	0ff7f793          	zext.b	a5,a5
C:\GitHub\askorv32\fw\TangPrimer20K/../Core/Src/uart.c:37
 a94:	0080006f          	j	a9c <UART_GetChar+0x34>
C:\GitHub\askorv32\fw\TangPrimer20K/../Core/Src/uart.c:37 (discriminator 2)
 a98:	fff00793          	li	a5,-1
C:\GitHub\askorv32\fw\TangPrimer20K/../Core/Src/uart.c:38
}
 a9c:	00078513          	mv	a0,a5
 aa0:	01c12083          	lw	ra,28(sp)
 aa4:	01812403          	lw	s0,24(sp)
 aa8:	02010113          	addi	sp,sp,32
 aac:	00008067          	ret

00000ab0 <UART_ReadChar>:
UART_ReadChar():
C:\GitHub\askorv32\fw\TangPrimer20K/../Core/Src/uart.c:40

char UART_ReadChar(void) {
 ab0:	fe010113          	addi	sp,sp,-32
 ab4:	00112e23          	sw	ra,28(sp)
 ab8:	00812c23          	sw	s0,24(sp)
 abc:	02010413          	addi	s0,sp,32
C:\GitHub\askorv32\fw\TangPrimer20K/../Core/Src/uart.c:42
	int c;
	while ((c = UART_GetChar()) < 0) ;
 ac0:	00000013          	nop
C:\GitHub\askorv32\fw\TangPrimer20K/../Core/Src/uart.c:42 (discriminator 2)
 ac4:	fa5ff0ef          	jal	a68 <UART_GetChar>
 ac8:	fea42623          	sw	a0,-20(s0)
 acc:	fec42783          	lw	a5,-20(s0)
 ad0:	fe07cae3          	bltz	a5,ac4 <UART_ReadChar+0x14>
C:\GitHub\askorv32\fw\TangPrimer20K/../Core/Src/uart.c:43
	return (char)c;
 ad4:	fec42783          	lw	a5,-20(s0)
 ad8:	0ff7f793          	zext.b	a5,a5
C:\GitHub\askorv32\fw\TangPrimer20K/../Core/Src/uart.c:44
}
 adc:	00078513          	mv	a0,a5
 ae0:	01c12083          	lw	ra,28(sp)
 ae4:	01812403          	lw	s0,24(sp)
 ae8:	02010113          	addi	sp,sp,32
 aec:	00008067          	ret

00000af0 <UART_PutString>:
UART_PutString():
C:\GitHub\askorv32\fw\TangPrimer20K/../Core/Src/uart.c:46

void UART_PutString(const char *s) {
 af0:	fe010113          	addi	sp,sp,-32
 af4:	00112e23          	sw	ra,28(sp)
 af8:	00812c23          	sw	s0,24(sp)
 afc:	02010413          	addi	s0,sp,32
 b00:	fea42623          	sw	a0,-20(s0)
C:\GitHub\askorv32\fw\TangPrimer20K/../Core/Src/uart.c:47
	while (*s) UART_PutChar(*s++);
 b04:	01c0006f          	j	b20 <UART_PutString+0x30>
C:\GitHub\askorv32\fw\TangPrimer20K/../Core/Src/uart.c:47 (discriminator 3)
 b08:	fec42783          	lw	a5,-20(s0)
 b0c:	00178713          	addi	a4,a5,1
 b10:	fee42623          	sw	a4,-20(s0)
 b14:	0007c783          	lbu	a5,0(a5)
 b18:	00078513          	mv	a0,a5
 b1c:	f05ff0ef          	jal	a20 <UART_PutChar>
C:\GitHub\askorv32\fw\TangPrimer20K/../Core/Src/uart.c:47 (discriminator 2)
 b20:	fec42783          	lw	a5,-20(s0)
 b24:	0007c783          	lbu	a5,0(a5)
 b28:	fe0790e3          	bnez	a5,b08 <UART_PutString+0x18>
C:\GitHub\askorv32\fw\TangPrimer20K/../Core/Src/uart.c:48
}
 b2c:	00000013          	nop
 b30:	00000013          	nop
 b34:	01c12083          	lw	ra,28(sp)
 b38:	01812403          	lw	s0,24(sp)
 b3c:	02010113          	addi	sp,sp,32
 b40:	00008067          	ret

00000b44 <UART_PutText>:
UART_PutText():
C:\GitHub\askorv32\fw\TangPrimer20K/../Core/Src/uart.c:69
	out[1] = (char)(0x80U | (u & 0x3FU));
	return 2;
}
#endif

void UART_PutText(const char *s) {
 b44:	fe010113          	addi	sp,sp,-32
 b48:	00112e23          	sw	ra,28(sp)
 b4c:	00812c23          	sw	s0,24(sp)
 b50:	02010413          	addi	s0,sp,32
 b54:	fea42623          	sw	a0,-20(s0)
C:\GitHub\askorv32\fw\TangPrimer20K/../Core/Src/uart.c:77
	while (*s) {
		int n = cp1251_to_utf8((uint8_t)*s++, u);
		for (int i = 0; i < n; i++) UART_PutChar(u[i]);
	}
#else
	UART_PutString(s);
 b58:	fec42503          	lw	a0,-20(s0)
 b5c:	f95ff0ef          	jal	af0 <UART_PutString>
C:\GitHub\askorv32\fw\TangPrimer20K/../Core/Src/uart.c:79
#endif
}
 b60:	00000013          	nop
 b64:	01c12083          	lw	ra,28(sp)
 b68:	01812403          	lw	s0,24(sp)
 b6c:	02010113          	addi	sp,sp,32
 b70:	00008067          	ret

00000b74 <UART_PutDec>:
UART_PutDec():
C:\GitHub\askorv32\fw\TangPrimer20K/../Core/Src/uart.c:81

void UART_PutDec(int32_t v) {
 b74:	fc010113          	addi	sp,sp,-64
 b78:	02112e23          	sw	ra,60(sp)
 b7c:	02812c23          	sw	s0,56(sp)
 b80:	04010413          	addi	s0,sp,64
 b84:	fca42623          	sw	a0,-52(s0)
C:\GitHub\askorv32\fw\TangPrimer20K/../Core/Src/uart.c:83
	char buf[12];
	int  n = 0;
 b88:	fe042623          	sw	zero,-20(s0)
C:\GitHub\askorv32\fw\TangPrimer20K/../Core/Src/uart.c:84
	uint32_t u = (v < 0) ? (uint32_t)(-v) : (uint32_t)v;
 b8c:	fcc42783          	lw	a5,-52(s0)
 b90:	0007d463          	bgez	a5,b98 <UART_PutDec+0x24>
 b94:	40f007b3          	neg	a5,a5
 b98:	fef42423          	sw	a5,-24(s0)
C:\GitHub\askorv32\fw\TangPrimer20K/../Core/Src/uart.c:85
	if (v < 0) UART_PutChar('-');
 b9c:	fcc42783          	lw	a5,-52(s0)
 ba0:	0007d663          	bgez	a5,bac <UART_PutDec+0x38>
C:\GitHub\askorv32\fw\TangPrimer20K/../Core/Src/uart.c:85 (discriminator 1)
 ba4:	02d00513          	li	a0,45
 ba8:	e79ff0ef          	jal	a20 <UART_PutChar>
C:\GitHub\askorv32\fw\TangPrimer20K/../Core/Src/uart.c:86 (discriminator 1)
	do { buf[n++] = (char)('0' + u % 10U); u /= 10U; } while (u);
 bac:	fe842703          	lw	a4,-24(s0)
 bb0:	00a00793          	li	a5,10
 bb4:	02f777b3          	remu	a5,a4,a5
 bb8:	0ff7f713          	zext.b	a4,a5
 bbc:	fec42783          	lw	a5,-20(s0)
 bc0:	00178693          	addi	a3,a5,1
 bc4:	fed42623          	sw	a3,-20(s0)
 bc8:	03070713          	addi	a4,a4,48
 bcc:	0ff77713          	zext.b	a4,a4
 bd0:	ff078793          	addi	a5,a5,-16
 bd4:	008787b3          	add	a5,a5,s0
 bd8:	fee78623          	sb	a4,-20(a5)
 bdc:	fe842703          	lw	a4,-24(s0)
 be0:	00a00793          	li	a5,10
 be4:	02f757b3          	divu	a5,a4,a5
 be8:	fef42423          	sw	a5,-24(s0)
 bec:	fe842783          	lw	a5,-24(s0)
 bf0:	fa079ee3          	bnez	a5,bac <UART_PutDec+0x38>
C:\GitHub\askorv32\fw\TangPrimer20K/../Core/Src/uart.c:87
	while (n) UART_PutChar(buf[--n]);
 bf4:	0280006f          	j	c1c <UART_PutDec+0xa8>
C:\GitHub\askorv32\fw\TangPrimer20K/../Core/Src/uart.c:87 (discriminator 3)
 bf8:	fec42783          	lw	a5,-20(s0)
 bfc:	fff78793          	addi	a5,a5,-1
 c00:	fef42623          	sw	a5,-20(s0)
 c04:	fec42783          	lw	a5,-20(s0)
 c08:	ff078793          	addi	a5,a5,-16
 c0c:	008787b3          	add	a5,a5,s0
 c10:	fec7c783          	lbu	a5,-20(a5)
 c14:	00078513          	mv	a0,a5
 c18:	e09ff0ef          	jal	a20 <UART_PutChar>
C:\GitHub\askorv32\fw\TangPrimer20K/../Core/Src/uart.c:87 (discriminator 2)
 c1c:	fec42783          	lw	a5,-20(s0)
 c20:	fc079ce3          	bnez	a5,bf8 <UART_PutDec+0x84>
C:\GitHub\askorv32\fw\TangPrimer20K/../Core/Src/uart.c:88
}
 c24:	00000013          	nop
 c28:	00000013          	nop
 c2c:	03c12083          	lw	ra,60(sp)
 c30:	03812403          	lw	s0,56(sp)
 c34:	04010113          	addi	sp,sp,64
 c38:	00008067          	ret

00000c3c <UART_ReadLine>:
UART_ReadLine():
C:\GitHub\askorv32\fw\TangPrimer20K/../Core/Src/uart.c:97
	if (digits < 1U) digits = 1U;
	if (digits > 8U) digits = 8U;
	while (digits--) UART_PutChar(hex[(v >> (4U * digits)) & 0xFU]);
}

int UART_ReadLine(char *buf, int size, int echo) {
 c3c:	fd010113          	addi	sp,sp,-48
 c40:	02112623          	sw	ra,44(sp)
 c44:	02812423          	sw	s0,40(sp)
 c48:	03010413          	addi	s0,sp,48
 c4c:	fca42e23          	sw	a0,-36(s0)
 c50:	fcb42c23          	sw	a1,-40(s0)
 c54:	fcc42a23          	sw	a2,-44(s0)
C:\GitHub\askorv32\fw\TangPrimer20K/../Core/Src/uart.c:98
	int n = 0;
 c58:	fe042623          	sw	zero,-20(s0)
C:\GitHub\askorv32\fw\TangPrimer20K/../Core/Src/uart.c:100
	for (;;) {
		char c = UART_ReadChar();
 c5c:	e55ff0ef          	jal	ab0 <UART_ReadChar>
 c60:	00050793          	mv	a5,a0
 c64:	fef405a3          	sb	a5,-21(s0)
C:\GitHub\askorv32\fw\TangPrimer20K/../Core/Src/uart.c:101
		if (c == '\r' || c == '\n') {
 c68:	feb44703          	lbu	a4,-21(s0)
 c6c:	00d00793          	li	a5,13
 c70:	00f70863          	beq	a4,a5,c80 <UART_ReadLine+0x44>
C:\GitHub\askorv32\fw\TangPrimer20K/../Core/Src/uart.c:101 (discriminator 1)
 c74:	feb44703          	lbu	a4,-21(s0)
 c78:	00a00793          	li	a5,10
 c7c:	00f71e63          	bne	a4,a5,c98 <UART_ReadLine+0x5c>
C:\GitHub\askorv32\fw\TangPrimer20K/../Core/Src/uart.c:102
			if (n == 0 && c == '\n') continue;				//LF после CR предыдущей строки
 c80:	fec42783          	lw	a5,-20(s0)
 c84:	0a079263          	bnez	a5,d28 <UART_ReadLine+0xec>
C:\GitHub\askorv32\fw\TangPrimer20K/../Core/Src/uart.c:102 (discriminator 1)
 c88:	feb44703          	lbu	a4,-21(s0)
 c8c:	00a00793          	li	a5,10
 c90:	08f71c63          	bne	a4,a5,d28 <UART_ReadLine+0xec>
C:\GitHub\askorv32\fw\TangPrimer20K/../Core/Src/uart.c:102
 c94:	0900006f          	j	d24 <UART_ReadLine+0xe8>
C:\GitHub\askorv32\fw\TangPrimer20K/../Core/Src/uart.c:105
			break;
		}
		if (c == '\b' || c == 0x7F) {						//Backspace: стереть последний байт
 c98:	feb44703          	lbu	a4,-21(s0)
 c9c:	00800793          	li	a5,8
 ca0:	00f70863          	beq	a4,a5,cb0 <UART_ReadLine+0x74>
C:\GitHub\askorv32\fw\TangPrimer20K/../Core/Src/uart.c:105 (discriminator 1)
 ca4:	feb44703          	lbu	a4,-21(s0)
 ca8:	07f00793          	li	a5,127
 cac:	02f71663          	bne	a4,a5,cd8 <UART_ReadLine+0x9c>
C:\GitHub\askorv32\fw\TangPrimer20K/../Core/Src/uart.c:106
			if (n > 0) { n--; if (echo) UART_PutString("\b \b"); }
 cb0:	fec42783          	lw	a5,-20(s0)
 cb4:	06f05663          	blez	a5,d20 <UART_ReadLine+0xe4>
C:\GitHub\askorv32\fw\TangPrimer20K/../Core/Src/uart.c:106 (discriminator 1)
 cb8:	fec42783          	lw	a5,-20(s0)
 cbc:	fff78793          	addi	a5,a5,-1
 cc0:	fef42623          	sw	a5,-20(s0)
 cc4:	fd442783          	lw	a5,-44(s0)
 cc8:	04078c63          	beqz	a5,d20 <UART_ReadLine+0xe4>
C:\GitHub\askorv32\fw\TangPrimer20K/../Core/Src/uart.c:106 (discriminator 2)
 ccc:	8a418513          	addi	a0,gp,-1884 # 10000094 <_sdata+0x94>
 cd0:	e21ff0ef          	jal	af0 <UART_PutString>
C:\GitHub\askorv32\fw\TangPrimer20K/../Core/Src/uart.c:107
			continue;
 cd4:	04c0006f          	j	d20 <UART_ReadLine+0xe4>
C:\GitHub\askorv32\fw\TangPrimer20K/../Core/Src/uart.c:109
		}
		if (n < size - 1) { buf[n++] = c; if (echo) UART_PutChar(c); }
 cd8:	fd842783          	lw	a5,-40(s0)
 cdc:	fff78793          	addi	a5,a5,-1
 ce0:	fec42703          	lw	a4,-20(s0)
 ce4:	f6f75ce3          	bge	a4,a5,c5c <UART_ReadLine+0x20>
C:\GitHub\askorv32\fw\TangPrimer20K/../Core/Src/uart.c:109 (discriminator 1)
 ce8:	fec42783          	lw	a5,-20(s0)
 cec:	00178713          	addi	a4,a5,1
 cf0:	fee42623          	sw	a4,-20(s0)
 cf4:	00078713          	mv	a4,a5
 cf8:	fdc42783          	lw	a5,-36(s0)
 cfc:	00e787b3          	add	a5,a5,a4
 d00:	feb44703          	lbu	a4,-21(s0)
 d04:	00e78023          	sb	a4,0(a5)
 d08:	fd442783          	lw	a5,-44(s0)
 d0c:	f40788e3          	beqz	a5,c5c <UART_ReadLine+0x20>
C:\GitHub\askorv32\fw\TangPrimer20K/../Core/Src/uart.c:109 (discriminator 2)
 d10:	feb44783          	lbu	a5,-21(s0)
 d14:	00078513          	mv	a0,a5
 d18:	d09ff0ef          	jal	a20 <UART_PutChar>
 d1c:	f41ff06f          	j	c5c <UART_ReadLine+0x20>
C:\GitHub\askorv32\fw\TangPrimer20K/../Core/Src/uart.c:107
			continue;
 d20:	00000013          	nop
C:\GitHub\askorv32\fw\TangPrimer20K/../Core/Src/uart.c:99
	for (;;) {
 d24:	f39ff06f          	j	c5c <UART_ReadLine+0x20>
C:\GitHub\askorv32\fw\TangPrimer20K/../Core/Src/uart.c:103
			break;
 d28:	00000013          	nop
C:\GitHub\askorv32\fw\TangPrimer20K/../Core/Src/uart.c:111
	}
	buf[n] = '\0';
 d2c:	fec42783          	lw	a5,-20(s0)
 d30:	fdc42703          	lw	a4,-36(s0)
 d34:	00f707b3          	add	a5,a4,a5
 d38:	00078023          	sb	zero,0(a5)
C:\GitHub\askorv32\fw\TangPrimer20K/../Core/Src/uart.c:112
	if (echo) UART_PutString("\r\n");
 d3c:	fd442783          	lw	a5,-44(s0)
 d40:	00078663          	beqz	a5,d4c <UART_ReadLine+0x110>
C:\GitHub\askorv32\fw\TangPrimer20K/../Core/Src/uart.c:112 (discriminator 1)
 d44:	8a818513          	addi	a0,gp,-1880 # 10000098 <_sdata+0x98>
 d48:	da9ff0ef          	jal	af0 <UART_PutString>
C:\GitHub\askorv32\fw\TangPrimer20K/../Core/Src/uart.c:113
	return n;
 d4c:	fec42783          	lw	a5,-20(s0)
C:\GitHub\askorv32\fw\TangPrimer20K/../Core/Src/uart.c:114
}
 d50:	00078513          	mv	a0,a5
 d54:	02c12083          	lw	ra,44(sp)
 d58:	02812403          	lw	s0,40(sp)
 d5c:	03010113          	addi	sp,sp,48
 d60:	00008067          	ret

00000d64 <UART_Utf8ToCp1251>:
UART_Utf8ToCp1251():
C:\GitHub\askorv32\fw\TangPrimer20K/../Core/Src/uart.c:117

/* --- Текст --- */
int UART_Utf8ToCp1251(const char *in, char *out, int size) {
 d64:	fd010113          	addi	sp,sp,-48
 d68:	02112623          	sw	ra,44(sp)
 d6c:	02812423          	sw	s0,40(sp)
 d70:	03010413          	addi	s0,sp,48
 d74:	fca42e23          	sw	a0,-36(s0)
 d78:	fcb42c23          	sw	a1,-40(s0)
 d7c:	fcc42a23          	sw	a2,-44(s0)
C:\GitHub\askorv32\fw\TangPrimer20K/../Core/Src/uart.c:118
	int n = 0;
 d80:	fe042423          	sw	zero,-24(s0)
C:\GitHub\askorv32\fw\TangPrimer20K/../Core/Src/uart.c:119
	const uint8_t *p = (const uint8_t *)in;
 d84:	fdc42783          	lw	a5,-36(s0)
 d88:	fef42623          	sw	a5,-20(s0)
C:\GitHub\askorv32\fw\TangPrimer20K/../Core/Src/uart.c:121
#if !UART_TEXT_UTF8
	while (*p && n < size - 1) out[n++] = (char)*p++;		//Терминал в cp1251: текст уже в кодировке прошивки
 d8c:	0300006f          	j	dbc <UART_Utf8ToCp1251+0x58>
C:\GitHub\askorv32\fw\TangPrimer20K/../Core/Src/uart.c:121 (discriminator 3)
 d90:	fec42783          	lw	a5,-20(s0)
 d94:	00178713          	addi	a4,a5,1
 d98:	fee42623          	sw	a4,-20(s0)
 d9c:	fe842703          	lw	a4,-24(s0)
 da0:	00170693          	addi	a3,a4,1
 da4:	fed42423          	sw	a3,-24(s0)
 da8:	00070693          	mv	a3,a4
 dac:	fd842703          	lw	a4,-40(s0)
 db0:	00d70733          	add	a4,a4,a3
 db4:	0007c783          	lbu	a5,0(a5)
 db8:	00f70023          	sb	a5,0(a4)
C:\GitHub\askorv32\fw\TangPrimer20K/../Core/Src/uart.c:121 (discriminator 1)
 dbc:	fec42783          	lw	a5,-20(s0)
 dc0:	0007c783          	lbu	a5,0(a5)
 dc4:	00078a63          	beqz	a5,dd8 <UART_Utf8ToCp1251+0x74>
C:\GitHub\askorv32\fw\TangPrimer20K/../Core/Src/uart.c:121 (discriminator 2)
 dc8:	fd442783          	lw	a5,-44(s0)
 dcc:	fff78793          	addi	a5,a5,-1
 dd0:	fe842703          	lw	a4,-24(s0)
 dd4:	faf74ee3          	blt	a4,a5,d90 <UART_Utf8ToCp1251+0x2c>
C:\GitHub\askorv32\fw\TangPrimer20K/../Core/Src/uart.c:122
	out[n] = '\0';
 dd8:	fe842783          	lw	a5,-24(s0)
 ddc:	fd842703          	lw	a4,-40(s0)
 de0:	00f707b3          	add	a5,a4,a5
 de4:	00078023          	sb	zero,0(a5)
C:\GitHub\askorv32\fw\TangPrimer20K/../Core/Src/uart.c:123
	return n;
 de8:	fe842783          	lw	a5,-24(s0)
C:\GitHub\askorv32\fw\TangPrimer20K/../Core/Src/uart.c:143
		while ((*p & 0xC0U) == 0x80U) p++;						//Длинный символ - пропустить
		out[n++] = '?';
	}
	out[n] = '\0';
	return n;
}
 dec:	00078513          	mv	a0,a5
 df0:	02c12083          	lw	ra,44(sp)
 df4:	02812403          	lw	s0,40(sp)
 df8:	03010113          	addi	sp,sp,48
 dfc:	00008067          	ret
